// Jest Snapshot v1, https://goo.gl/fbAQLP

exports[`<BeerListItem /> component matching snapshot 1`] = `
<styled.li
  onClick={[Function]}
>
  <div>
    <styled.div>
      <Image
        alt="Beer"
        src="https://via.placeholder.com/150"
      />
    </styled.div>
  </div>
  <styled.div>
    Beer
  </styled.div>
  <styled.div>
    Drink or die
  </styled.div>
</styled.li>
`;
