// Jest Snapshot v1, https://goo.gl/fbAQLP

exports[`<BeerDetails /> component matching snapshot 1`] = `
<styled.div>
  <styled.div>
    <Image
      alt="Beer"
      src="https://via.placeholder.com/150"
    />
  </styled.div>
  <styled.div>
    <styled.h2>
      Beer
    </styled.h2>
    <styled.p>
      Drink or die
    </styled.p>
    <styled.div>
      <styled.h4>
        IBU:
         
        <span>
          12
        </span>
      </styled.h4>
      <styled.h4>
        ABV:
         
        <span>
          6
        </span>
      </styled.h4>
      <styled.h4>
        EBC:
         
        <span>
          32
        </span>
      </styled.h4>
    </styled.div>
    <styled.p>
      Some description
    </styled.p>
  </styled.div>
</styled.div>
`;
